[2026-07-16 14:44:35] [Farm Supervisors] Cute_ Boy_ 13 🥰 (916202757898): Sed 6
Flushout
[2026-07-16 14:44:30] [Gate Manager] NABIYABHANU (918247256522): 
[2026-07-16 14:44:11] [Gate Manager] NABIYABHANU (918247256522): 
[2026-07-16 14:43:59] [Gate Manager] NABIYABHANU (918247256522): 
[2026-07-16 14:43:47] [Farm Supervisors] V (917893108780): Shead1 water spraying
[2026-07-16 14:42:20] [Gate Manager] NABIYABHANU (918247256522): 
[2026-07-16 14:41:23] [Gate Manager] NABIYABHANU (918247256522): Naredra in
[2026-07-16 14:40:53] [Gate Manager] NABIYABHANU (918247256522): Penmoor thulasi naidu cement briks 400
[2026-07-16 14:36:10] [Feed Plant] Anand Raj (917032693017): 
[2026-07-16 14:34:13] [Farm Supervisors] Cute_ Boy_ 13 🥰 (916202757898): Sed 8
Flushout
